[32m[Nest] 776  - [39m2026/08/05 14:14:56 [32m    LOG[39m [38;5;3m[NestFactory] [39m[32mStarting Nest application...[39m
[32m[Nest] 776  - [39m2026/08/05 14:14:56 [32m    LOG[39m [38;5;3m[InstanceLoader] [39m[32mPrismaModule dependencies initialized[39m[38;5;3m +86ms[39m
[32m[Nest] 776  - [39m2026/08/05 14:14:56 [32m    LOG[39m [38;5;3m[InstanceLoader] [39m[32mThrottlerModule dependencies initialized[39m[38;5;3m +14ms[39m
[32m[Nest] 776  - [39m2026/08/05 14:14:56 [32m    LOG[39m [38;5;3m[InstanceLoader] [39m[32mConfigHostModule dependencies initialized[39m[38;5;3m +20ms[39m
[32m[Nest] 776  - [39m2026/08/05 14:14:56 [32m    LOG[39m [38;5;3m[InstanceLoader] [39m[32mConfigModule dependencies initialized[39m[38;5;3m +2ms[39m
[32m[Nest] 776  - [39m2026/08/05 14:14:56 [32m    LOG[39m [38;5;3m[InstanceLoader] [39m[32mConfigModule dependencies initialized[39m[38;5;3m +1ms[39m
[32m[Nest] 776  - [39m2026/08/05 14:14:56 [32m    LOG[39m [38;5;3m[InstanceLoader] [39m[32mAppModule dependencies initialized[39m[38;5;3m +2ms[39m
[32m[Nest] 776  - [39m2026/08/05 14:14:56 [32m    LOG[39m [38;5;3m[InstanceLoader] [39m[32mJwtModule dependencies initialized[39m[38;5;3m +1ms[39m
[32m[Nest] 776  - [39m2026/08/05 14:14:56 [32m    LOG[39m [38;5;3m[InstanceLoader] [39m[32mPlayersModule dependencies initialized[39m[38;5;3m +2ms[39m
[32m[Nest] 776  - [39m2026/08/05 14:14:56 [32m    LOG[39m [38;5;3m[InstanceLoader] [39m[32mLeaderboardModule dependencies initialized[39m[38;5;3m +1ms[39m
[32m[Nest] 776  - [39m2026/08/05 14:14:56 [32m    LOG[39m [38;5;3m[InstanceLoader] [39m[32mAuthModule dependencies initialized[39m[38;5;3m +0ms[39m
[32m[Nest] 776  - [39m2026/08/05 14:14:56 [32m    LOG[39m [38;5;3m[RoutesResolver] [39m[32mHealthController {/health}:[39m[38;5;3m +18ms[39m
[32m[Nest] 776  - [39m2026/08/05 14:14:56 [32m    LOG[39m [38;5;3m[RouterExplorer] [39m[32mMapped {/health, GET} route[39m[38;5;3m +7ms[39m
[32m[Nest] 776  - [39m2026/08/05 14:14:56 [32m    LOG[39m [38;5;3m[RoutesResolver] [39m[32mPlayersController {/v1/players/me}:[39m[38;5;3m +1ms[39m
[32m[Nest] 776  - [39m2026/08/05 14:14:56 [32m    LOG[39m [38;5;3m[RouterExplorer] [39m[32mMapped {/v1/players/me/profile, PATCH} route[39m[38;5;3m +2ms[39m
[32m[Nest] 776  - [39m2026/08/05 14:14:56 [32m    LOG[39m [38;5;3m[RoutesResolver] [39m[32mAuthController {/v1/auth}:[39m[38;5;3m +1ms[39m
[32m[Nest] 776  - [39m2026/08/05 14:14:56 [32m    LOG[39m [38;5;3m[RouterExplorer] [39m[32mMapped {/v1/auth/wechat, POST} route[39m[38;5;3m +1ms[39m
[32m[Nest] 776  - [39m2026/08/05 14:14:56 [32m    LOG[39m [38;5;3m[RoutesResolver] [39m[32mLeaderboardController {/v1/leaderboard}:[39m[38;5;3m +2ms[39m
[32m[Nest] 776  - [39m2026/08/05 14:14:56 [32m    LOG[39m [38;5;3m[RouterExplorer] [39m[32mMapped {/v1/leaderboard/scores, POST} route[39m[38;5;3m +2ms[39m
[32m[Nest] 776  - [39m2026/08/05 14:14:56 [32m    LOG[39m [38;5;3m[RouterExplorer] [39m[32mMapped {/v1/leaderboard, GET} route[39m[38;5;3m +1ms[39m
[32m[Nest] 776  - [39m2026/08/05 14:14:56 [32m    LOG[39m [38;5;3m[NestApplication] [39m[32mNest application successfully started[39m[38;5;3m +149ms[39m
