[    4559ms] [TIMEEND] Init Base: 1.56298828125 ms @ http://localhost:7456/scripting/engine/bin/.cache/dev/preview/bundled/index.js:16680
[    4717ms] [TIMEEND] Init Infrastructure: 157.10498046875 ms @ http://localhost:7456/scripting/engine/bin/.cache/dev/preview/bundled/index.js:16729
[    4778ms] [LOG] meshopt wasm decoder initialized @ http://localhost:7456/scripting/engine/bin/.cache/dev/preview/bundled/index.js:168791
[    4836ms] [LOG] [bullet]:bullet wasm lib loaded. @ http://localhost:7456/scripting/engine/bin/.cache/dev/preview/bundled/index.js:168791
[    4929ms] [LOG] [PHYSICS2D]: register box2d. @ http://localhost:7456/scripting/engine/bin/.cache/dev/preview/bundled/index.js:168791
[    4930ms] [LOG] [PHYSICS]: register bullet. @ http://localhost:7456/scripting/engine/bin/.cache/dev/preview/bundled/index.js:168791
[    5017ms] [LOG] [PHYSICS]: using bullet. @ http://localhost:7456/scripting/engine/bin/.cache/dev/preview/bundled/index.js:168791
[    6118ms] [TIMEEND] Init SubSystem: 1131.93994140625 ms @ http://localhost:7456/scripting/engine/bin/.cache/dev/preview/bundled/index.js:16776
[    6118ms] [LOG] Cocos Creator v3.8.8 @ http://localhost:7456/scripting/engine/bin/.cache/dev/preview/bundled/index.js:168791
[    6441ms] [LOG] Using custom pipeline: Builtin @ http://localhost:7456/scripting/engine/bin/.cache/dev/preview/bundled/index.js:168791
[    6493ms] [TIMEEND] Init Project: 374.449951171875 ms @ http://localhost:7456/scripting/engine/bin/.cache/dev/preview/bundled/index.js:16822
[    8917ms] [INFO] Slow network is detected. See https://www.chromestatus.com/feature/5636954674692096 for more details. Fallback font will be used while loading: http://localhost:7456/assets/resources/native/d6/d68cdd6b-c4a1-4083-ad42-40e09fbea946/display.ttf @ http://localhost:7456/scripting/engine/bin/.cache/dev/preview/bundled/index.js:120841
[  255355ms] [ERROR] getComponent: Type must be non-nil @ http://localhost:7456/scripting/engine/bin/.cache/dev/preview/bundled/index.js:168817
[  255355ms] [ERROR] getComponent: Type must be non-nil @ http://localhost:7456/scripting/engine/bin/.cache/dev/preview/bundled/index.js:168817
[  255356ms] [ERROR] getComponent: Type must be non-nil @ http://localhost:7456/scripting/engine/bin/.cache/dev/preview/bundled/index.js:168817
[  255356ms] [ERROR] getComponent: Type must be non-nil @ http://localhost:7456/scripting/engine/bin/.cache/dev/preview/bundled/index.js:168817
[  255356ms] [ERROR] getComponent: Type must be non-nil @ http://localhost:7456/scripting/engine/bin/.cache/dev/preview/bundled/index.js:168817
[  255356ms] [ERROR] getComponent: Type must be non-nil @ http://localhost:7456/scripting/engine/bin/.cache/dev/preview/bundled/index.js:168817
[  255356ms] [ERROR] getComponent: Type must be non-nil @ http://localhost:7456/scripting/engine/bin/.cache/dev/preview/bundled/index.js:168817
[  255356ms] [ERROR] getComponent: Type must be non-nil @ http://localhost:7456/scripting/engine/bin/.cache/dev/preview/bundled/index.js:168817
[  255356ms] [ERROR] getComponent: Type must be non-nil @ http://localhost:7456/scripting/engine/bin/.cache/dev/preview/bundled/index.js:168817
[  255356ms] [ERROR] getComponent: Type must be non-nil @ http://localhost:7456/scripting/engine/bin/.cache/dev/preview/bundled/index.js:168817
[  255357ms] [ERROR] getComponent: Type must be non-nil @ http://localhost:7456/scripting/engine/bin/.cache/dev/preview/bundled/index.js:168817
[  255357ms] [ERROR] getComponent: Type must be non-nil @ http://localhost:7456/scripting/engine/bin/.cache/dev/preview/bundled/index.js:168817
[  255357ms] [ERROR] getComponent: Type must be non-nil @ http://localhost:7456/scripting/engine/bin/.cache/dev/preview/bundled/index.js:168817
[  255357ms] [ERROR] getComponent: Type must be non-nil @ http://localhost:7456/scripting/engine/bin/.cache/dev/preview/bundled/index.js:168817
[  255357ms] [ERROR] getComponent: Type must be non-nil @ http://localhost:7456/scripting/engine/bin/.cache/dev/preview/bundled/index.js:168817
[  255357ms] [ERROR] getComponent: Type must be non-nil @ http://localhost:7456/scripting/engine/bin/.cache/dev/preview/bundled/index.js:168817
[  255357ms] [ERROR] getComponent: Type must be non-nil @ http://localhost:7456/scripting/engine/bin/.cache/dev/preview/bundled/index.js:168817
[  302718ms] [ERROR] getComponent: Type must be non-nil @ http://localhost:7456/scripting/engine/bin/.cache/dev/preview/bundled/index.js:168817
[  302718ms] [ERROR] getComponent: Type must be non-nil @ http://localhost:7456/scripting/engine/bin/.cache/dev/preview/bundled/index.js:168817
[  302718ms] [ERROR] getComponent: Type must be non-nil @ http://localhost:7456/scripting/engine/bin/.cache/dev/preview/bundled/index.js:168817
[  302719ms] [ERROR] getComponent: Type must be non-nil @ http://localhost:7456/scripting/engine/bin/.cache/dev/preview/bundled/index.js:168817
[  302719ms] [ERROR] getComponent: Type must be non-nil @ http://localhost:7456/scripting/engine/bin/.cache/dev/preview/bundled/index.js:168817
[  302719ms] [ERROR] getComponent: Type must be non-nil @ http://localhost:7456/scripting/engine/bin/.cache/dev/preview/bundled/index.js:168817
[  302719ms] [ERROR] getComponent: Type must be non-nil @ http://localhost:7456/scripting/engine/bin/.cache/dev/preview/bundled/index.js:168817
[  302719ms] [ERROR] getComponent: Type must be non-nil @ http://localhost:7456/scripting/engine/bin/.cache/dev/preview/bundled/index.js:168817
[  302719ms] [ERROR] getComponent: Type must be non-nil @ http://localhost:7456/scripting/engine/bin/.cache/dev/preview/bundled/index.js:168817
[  302719ms] [ERROR] getComponent: Type must be non-nil @ http://localhost:7456/scripting/engine/bin/.cache/dev/preview/bundled/index.js:168817
[  302719ms] [ERROR] getComponent: Type must be non-nil @ http://localhost:7456/scripting/engine/bin/.cache/dev/preview/bundled/index.js:168817
[  302719ms] [ERROR] getComponent: Type must be non-nil @ http://localhost:7456/scripting/engine/bin/.cache/dev/preview/bundled/index.js:168817
[  302719ms] [ERROR] getComponent: Type must be non-nil @ http://localhost:7456/scripting/engine/bin/.cache/dev/preview/bundled/index.js:168817
[  302719ms] [ERROR] getComponent: Type must be non-nil @ http://localhost:7456/scripting/engine/bin/.cache/dev/preview/bundled/index.js:168817
[  302720ms] [ERROR] getComponent: Type must be non-nil @ http://localhost:7456/scripting/engine/bin/.cache/dev/preview/bundled/index.js:168817
[  302720ms] [ERROR] getComponent: Type must be non-nil @ http://localhost:7456/scripting/engine/bin/.cache/dev/preview/bundled/index.js:168817
[  302720ms] [ERROR] getComponent: Type must be non-nil @ http://localhost:7456/scripting/engine/bin/.cache/dev/preview/bundled/index.js:168817
[  302720ms] [ERROR] getComponent: Type must be non-nil @ http://localhost:7456/scripting/engine/bin/.cache/dev/preview/bundled/index.js:168817
[  302720ms] [ERROR] getComponent: Type must be non-nil @ http://localhost:7456/scripting/engine/bin/.cache/dev/preview/bundled/index.js:168817
[  302720ms] [ERROR] getComponent: Type must be non-nil @ http://localhost:7456/scripting/engine/bin/.cache/dev/preview/bundled/index.js:168817
[  302720ms] [ERROR] getComponent: Type must be non-nil @ http://localhost:7456/scripting/engine/bin/.cache/dev/preview/bundled/index.js:168817
[  338633ms] [ERROR] getComponent: Type must be non-nil @ http://localhost:7456/scripting/engine/bin/.cache/dev/preview/bundled/index.js:168817
[  373890ms] [ERROR] getComponent: Type must be non-nil @ http://localhost:7456/scripting/engine/bin/.cache/dev/preview/bundled/index.js:168817
[  855060ms] [TIMEEND] Init Base: 1.64404296875 ms @ http://localhost:7456/scripting/engine/bin/.cache/dev/preview/bundled/index.js:16680
[  855280ms] [TIMEEND] Init Infrastructure: 219.60107421875 ms @ http://localhost:7456/scripting/engine/bin/.cache/dev/preview/bundled/index.js:16729
[  855470ms] [LOG] meshopt wasm decoder initialized @ http://localhost:7456/scripting/engine/bin/.cache/dev/preview/bundled/index.js:168791
[  855494ms] [LOG] [bullet]:bullet wasm lib loaded. @ http://localhost:7456/scripting/engine/bin/.cache/dev/preview/bundled/index.js:168791
[  855549ms] [LOG] [PHYSICS2D]: register box2d. @ http://localhost:7456/scripting/engine/bin/.cache/dev/preview/bundled/index.js:168791
[  855550ms] [LOG] [PHYSICS]: register bullet. @ http://localhost:7456/scripting/engine/bin/.cache/dev/preview/bundled/index.js:168791
[  855688ms] [LOG] [PHYSICS]: using bullet. @ http://localhost:7456/scripting/engine/bin/.cache/dev/preview/bundled/index.js:168791
[  861355ms] [TIMEEND] Init SubSystem: 5706.869873046875 ms @ http://localhost:7456/scripting/engine/bin/.cache/dev/preview/bundled/index.js:16776
[  861355ms] [LOG] Cocos Creator v3.8.8 @ http://localhost:7456/scripting/engine/bin/.cache/dev/preview/bundled/index.js:168791
[  862683ms] [LOG] Using custom pipeline: Builtin @ http://localhost:7456/scripting/engine/bin/.cache/dev/preview/bundled/index.js:168791
[  862824ms] [TIMEEND] Init Project: 1468.647216796875 ms @ http://localhost:7456/scripting/engine/bin/.cache/dev/preview/bundled/index.js:16822
[  873543ms] [INFO] Slow network is detected. See https://www.chromestatus.com/feature/5636954674692096 for more details. Fallback font will be used while loading: http://localhost:7456/assets/resources/native/d6/d68cdd6b-c4a1-4083-ad42-40e09fbea946/display.ttf @ http://localhost:7456/scripting/engine/bin/.cache/dev/preview/bundled/index.js:120841
[  925242ms] [TIMEEND] Init Base: 1.949951171875 ms @ http://localhost:7456/scripting/engine/bin/.cache/dev/preview/bundled/index.js:16680
[  925450ms] [TIMEEND] Init Infrastructure: 207.558837890625 ms @ http://localhost:7456/scripting/engine/bin/.cache/dev/preview/bundled/index.js:16729
[  925947ms] [LOG] [bullet]:bullet wasm lib loaded. @ http://localhost:7456/scripting/engine/bin/.cache/dev/preview/bundled/index.js:168791
[  925948ms] [LOG] meshopt wasm decoder initialized @ http://localhost:7456/scripting/engine/bin/.cache/dev/preview/bundled/index.js:168791
[  925948ms] [LOG] [PHYSICS2D]: register box2d. @ http://localhost:7456/scripting/engine/bin/.cache/dev/preview/bundled/index.js:168791
[  925949ms] [LOG] [PHYSICS]: register bullet. @ http://localhost:7456/scripting/engine/bin/.cache/dev/preview/bundled/index.js:168791
[  928825ms] [LOG] [PHYSICS]: using bullet. @ http://localhost:7456/scripting/engine/bin/.cache/dev/preview/bundled/index.js:168791
[  947601ms] [TIMEEND] Init SubSystem: 18839.93994140625 ms @ http://localhost:7456/scripting/engine/bin/.cache/dev/preview/bundled/index.js:16776
[  947604ms] [LOG] Cocos Creator v3.8.8 @ http://localhost:7456/scripting/engine/bin/.cache/dev/preview/bundled/index.js:168791
[  948996ms] [LOG] Using custom pipeline: Builtin @ http://localhost:7456/scripting/engine/bin/.cache/dev/preview/bundled/index.js:168791
[  949030ms] [TIMEEND] Init Project: 1425.758056640625 ms @ http://localhost:7456/scripting/engine/bin/.cache/dev/preview/bundled/index.js:16822
[  962784ms] [INFO] Slow network is detected. See https://www.chromestatus.com/feature/5636954674692096 for more details. Fallback font will be used while loading: http://localhost:7456/assets/resources/native/d6/d68cdd6b-c4a1-4083-ad42-40e09fbea946/display.ttf @ http://localhost:7456/scripting/engine/bin/.cache/dev/preview/bundled/index.js:120841
[  965982ms] [TIMEEND] Init Base: 0.430908203125 ms @ http://localhost:7456/scripting/engine/bin/.cache/dev/preview/bundled/index.js:16680
[  966418ms] [TIMEEND] Init Infrastructure: 436.41796875 ms @ http://localhost:7456/scripting/engine/bin/.cache/dev/preview/bundled/index.js:16729
[  966556ms] [LOG] meshopt wasm decoder initialized @ http://localhost:7456/scripting/engine/bin/.cache/dev/preview/bundled/index.js:168791
[  966563ms] [LOG] [bullet]:bullet wasm lib loaded. @ http://localhost:7456/scripting/engine/bin/.cache/dev/preview/bundled/index.js:168791
[  966909ms] [LOG] [PHYSICS2D]: register box2d. @ http://localhost:7456/scripting/engine/bin/.cache/dev/preview/bundled/index.js:168791
[  966909ms] [LOG] [PHYSICS]: register bullet. @ http://localhost:7456/scripting/engine/bin/.cache/dev/preview/bundled/index.js:168791
[  967043ms] [LOG] [PHYSICS]: using bullet. @ http://localhost:7456/scripting/engine/bin/.cache/dev/preview/bundled/index.js:168791
[  973461ms] [TIMEEND] Init SubSystem: 6448.38720703125 ms @ http://localhost:7456/scripting/engine/bin/.cache/dev/preview/bundled/index.js:16776
[  973461ms] [LOG] Cocos Creator v3.8.8 @ http://localhost:7456/scripting/engine/bin/.cache/dev/preview/bundled/index.js:168791
[  975192ms] [LOG] Using custom pipeline: Builtin @ http://localhost:7456/scripting/engine/bin/.cache/dev/preview/bundled/index.js:168791
[  975245ms] [TIMEEND] Init Project: 1783.630126953125 ms @ http://localhost:7456/scripting/engine/bin/.cache/dev/preview/bundled/index.js:16822
[  984670ms] [INFO] Slow network is detected. See https://www.chromestatus.com/feature/5636954674692096 for more details. Fallback font will be used while loading: http://localhost:7456/assets/resources/native/d6/d68cdd6b-c4a1-4083-ad42-40e09fbea946/display.ttf @ http://localhost:7456/scripting/engine/bin/.cache/dev/preview/bundled/index.js:120841
[ 1169960ms] [TIMEEND] Init Base: 0.3759765625 ms @ http://localhost:7456/scripting/engine/bin/.cache/dev/preview/bundled/index.js:16680
[ 1170082ms] [TIMEEND] Init Infrastructure: 120.997802734375 ms @ http://localhost:7456/scripting/engine/bin/.cache/dev/preview/bundled/index.js:16729
[ 1170139ms] [LOG] meshopt wasm decoder initialized @ http://localhost:7456/scripting/engine/bin/.cache/dev/preview/bundled/index.js:168791
[ 1170192ms] [LOG] [bullet]:bullet wasm lib loaded. @ http://localhost:7456/scripting/engine/bin/.cache/dev/preview/bundled/index.js:168791
[ 1170193ms] [LOG] [PHYSICS2D]: register box2d. @ http://localhost:7456/scripting/engine/bin/.cache/dev/preview/bundled/index.js:168791
[ 1170193ms] [LOG] [PHYSICS]: register bullet. @ http://localhost:7456/scripting/engine/bin/.cache/dev/preview/bundled/index.js:168791
[ 1170264ms] [LOG] [PHYSICS]: using bullet. @ http://localhost:7456/scripting/engine/bin/.cache/dev/preview/bundled/index.js:168791
[ 1174211ms] [TIMEEND] Init SubSystem: 3972.80078125 ms @ http://localhost:7456/scripting/engine/bin/.cache/dev/preview/bundled/index.js:16776
[ 1174211ms] [LOG] Cocos Creator v3.8.8 @ http://localhost:7456/scripting/engine/bin/.cache/dev/preview/bundled/index.js:168791
[ 1179106ms] [LOG] Using custom pipeline: Builtin @ http://localhost:7456/scripting/engine/bin/.cache/dev/preview/bundled/index.js:168791
[ 1179144ms] [TIMEEND] Init Project: 4931.95703125 ms @ http://localhost:7456/scripting/engine/bin/.cache/dev/preview/bundled/index.js:16822
[ 1195722ms] [INFO] Slow network is detected. See https://www.chromestatus.com/feature/5636954674692096 for more details. Fallback font will be used while loading: http://localhost:7456/assets/resources/native/d6/d68cdd6b-c4a1-4083-ad42-40e09fbea946/display.ttf @ http://localhost:7456/scripting/engine/bin/.cache/dev/preview/bundled/index.js:120841
[ 1441395ms] [TIMEEND] Init Base: 0.55078125 ms @ http://localhost:7456/scripting/engine/bin/.cache/dev/preview/bundled/index.js:16680
[ 1441489ms] [TIMEEND] Init Infrastructure: 93.612060546875 ms @ http://localhost:7456/scripting/engine/bin/.cache/dev/preview/bundled/index.js:16729
[ 1441597ms] [LOG] meshopt wasm decoder initialized @ http://localhost:7456/scripting/engine/bin/.cache/dev/preview/bundled/index.js:168791
[ 1441699ms] [LOG] [bullet]:bullet wasm lib loaded. @ http://localhost:7456/scripting/engine/bin/.cache/dev/preview/bundled/index.js:168791
[ 1441824ms] [LOG] [PHYSICS2D]: register box2d. @ http://localhost:7456/scripting/engine/bin/.cache/dev/preview/bundled/index.js:168791
[ 1441824ms] [LOG] [PHYSICS]: register bullet. @ http://localhost:7456/scripting/engine/bin/.cache/dev/preview/bundled/index.js:168791
[ 1441934ms] [LOG] [PHYSICS]: using bullet. @ http://localhost:7456/scripting/engine/bin/.cache/dev/preview/bundled/index.js:168791
[ 1449532ms] [TIMEEND] Init SubSystem: 7639.410888671875 ms @ http://localhost:7456/scripting/engine/bin/.cache/dev/preview/bundled/index.js:16776
[ 1449532ms] [LOG] Cocos Creator v3.8.8 @ http://localhost:7456/scripting/engine/bin/.cache/dev/preview/bundled/index.js:168791
[ 1451222ms] [LOG] Using custom pipeline: Builtin @ http://localhost:7456/scripting/engine/bin/.cache/dev/preview/bundled/index.js:168791
[ 1451270ms] [TIMEEND] Init Project: 1736.177978515625 ms @ http://localhost:7456/scripting/engine/bin/.cache/dev/preview/bundled/index.js:16822
[ 1460605ms] [INFO] Slow network is detected. See https://www.chromestatus.com/feature/5636954674692096 for more details. Fallback font will be used while loading: http://localhost:7456/assets/resources/native/d6/d68cdd6b-c4a1-4083-ad42-40e09fbea946/display.ttf @ http://localhost:7456/scripting/engine/bin/.cache/dev/preview/bundled/index.js:120841
[ 1592689ms] [TIMEEND] Init Base: 1.265869140625 ms @ http://localhost:7456/scripting/engine/bin/.cache/dev/preview/bundled/index.js:16680
[ 1593497ms] [TIMEEND] Init Infrastructure: 807.199951171875 ms @ http://localhost:7456/scripting/engine/bin/.cache/dev/preview/bundled/index.js:16729
[ 1595751ms] [LOG] meshopt wasm decoder initialized @ http://localhost:7456/scripting/engine/bin/.cache/dev/preview/bundled/index.js:168791
[ 1596646ms] [LOG] [bullet]:bullet wasm lib loaded. @ http://localhost:7456/scripting/engine/bin/.cache/dev/preview/bundled/index.js:168791
[ 1598360ms] [LOG] [PHYSICS2D]: register box2d. @ http://localhost:7456/scripting/engine/bin/.cache/dev/preview/bundled/index.js:168791
[ 1598360ms] [LOG] [PHYSICS]: register bullet. @ http://localhost:7456/scripting/engine/bin/.cache/dev/preview/bundled/index.js:168791
[ 1599053ms] [LOG] [PHYSICS]: using bullet. @ http://localhost:7456/scripting/engine/bin/.cache/dev/preview/bundled/index.js:168791
[ 1603646ms] [TIMEEND] Init SubSystem: 4681.4560546875 ms @ http://localhost:7456/scripting/engine/bin/.cache/dev/preview/bundled/index.js:16776
[ 1603646ms] [LOG] Cocos Creator v3.8.8 @ http://localhost:7456/scripting/engine/bin/.cache/dev/preview/bundled/index.js:168791
[ 1606662ms] [LOG] Using custom pipeline: Builtin @ http://localhost:7456/scripting/engine/bin/.cache/dev/preview/bundled/index.js:168791
[ 1606716ms] [TIMEEND] Init Project: 3069.748779296875 ms @ http://localhost:7456/scripting/engine/bin/.cache/dev/preview/bundled/index.js:16822
[ 1618382ms] [INFO] Slow network is detected. See https://www.chromestatus.com/feature/5636954674692096 for more details. Fallback font will be used while loading: http://localhost:7456/assets/resources/native/d6/d68cdd6b-c4a1-4083-ad42-40e09fbea946/display.ttf @ http://localhost:7456/scripting/engine/bin/.cache/dev/preview/bundled/index.js:120841
[ 1790871ms] [ERROR] getComponent: Type must be non-nil @ http://localhost:7456/scripting/engine/bin/.cache/dev/preview/bundled/index.js:168817
[ 1790872ms] [ERROR] getComponent: Type must be non-nil @ http://localhost:7456/scripting/engine/bin/.cache/dev/preview/bundled/index.js:168817
[ 1790872ms] [ERROR] getComponent: Type must be non-nil @ http://localhost:7456/scripting/engine/bin/.cache/dev/preview/bundled/index.js:168817
[ 1790872ms] [ERROR] getComponent: Type must be non-nil @ http://localhost:7456/scripting/engine/bin/.cache/dev/preview/bundled/index.js:168817
[ 1790872ms] [ERROR] getComponent: Type must be non-nil @ http://localhost:7456/scripting/engine/bin/.cache/dev/preview/bundled/index.js:168817
[ 1790872ms] [ERROR] getComponent: Type must be non-nil @ http://localhost:7456/scripting/engine/bin/.cache/dev/preview/bundled/index.js:168817
[ 1963535ms] [TIMEEND] Init Base: 0.488037109375 ms @ http://localhost:7456/scripting/engine/bin/.cache/dev/preview/bundled/index.js:16680
[ 1963637ms] [TIMEEND] Init Infrastructure: 101.35400390625 ms @ http://localhost:7456/scripting/engine/bin/.cache/dev/preview/bundled/index.js:16729
[ 1963706ms] [LOG] meshopt wasm decoder initialized @ http://localhost:7456/scripting/engine/bin/.cache/dev/preview/bundled/index.js:168791
[ 1963770ms] [LOG] [bullet]:bullet wasm lib loaded. @ http://localhost:7456/scripting/engine/bin/.cache/dev/preview/bundled/index.js:168791
[ 1963771ms] [LOG] [PHYSICS2D]: register box2d. @ http://localhost:7456/scripting/engine/bin/.cache/dev/preview/bundled/index.js:168791
[ 1963771ms] [LOG] [PHYSICS]: register bullet. @ http://localhost:7456/scripting/engine/bin/.cache/dev/preview/bundled/index.js:168791
[ 1963846ms] [LOG] [PHYSICS]: using bullet. @ http://localhost:7456/scripting/engine/bin/.cache/dev/preview/bundled/index.js:168791
[ 1982686ms] [TIMEEND] Init SubSystem: 18862.3740234375 ms @ http://localhost:7456/scripting/engine/bin/.cache/dev/preview/bundled/index.js:16776
[ 1982688ms] [LOG] Cocos Creator v3.8.8 @ http://localhost:7456/scripting/engine/bin/.cache/dev/preview/bundled/index.js:168791
[ 1983986ms] [LOG] Using custom pipeline: Builtin @ http://localhost:7456/scripting/engine/bin/.cache/dev/preview/bundled/index.js:168791
[ 1984033ms] [TIMEEND] Init Project: 1343.971923828125 ms @ http://localhost:7456/scripting/engine/bin/.cache/dev/preview/bundled/index.js:16822
[ 1994043ms] [INFO] Slow network is detected. See https://www.chromestatus.com/feature/5636954674692096 for more details. Fallback font will be used while loading: http://localhost:7456/assets/resources/native/d6/d68cdd6b-c4a1-4083-ad42-40e09fbea946/display.ttf @ http://localhost:7456/scripting/engine/bin/.cache/dev/preview/bundled/index.js:120841
[ 2103528ms] [TIMEEND] Init Base: 0.64990234375 ms @ http://localhost:7456/scripting/engine/bin/.cache/dev/preview/bundled/index.js:16680
[ 2104715ms] [TIMEEND] Init Infrastructure: 1186.912109375 ms @ http://localhost:7456/scripting/engine/bin/.cache/dev/preview/bundled/index.js:16729
[ 2105024ms] [LOG] meshopt wasm decoder initialized @ http://localhost:7456/scripting/engine/bin/.cache/dev/preview/bundled/index.js:168791
[ 2105043ms] [LOG] [bullet]:bullet wasm lib loaded. @ http://localhost:7456/scripting/engine/bin/.cache/dev/preview/bundled/index.js:168791
[ 2105085ms] [LOG] [PHYSICS2D]: register box2d. @ http://localhost:7456/scripting/engine/bin/.cache/dev/preview/bundled/index.js:168791
[ 2105086ms] [LOG] [PHYSICS]: register bullet. @ http://localhost:7456/scripting/engine/bin/.cache/dev/preview/bundled/index.js:168791
[ 2105180ms] [LOG] [PHYSICS]: using bullet. @ http://localhost:7456/scripting/engine/bin/.cache/dev/preview/bundled/index.js:168791
[ 2108761ms] [TIMEEND] Init SubSystem: 3601.25 ms @ http://localhost:7456/scripting/engine/bin/.cache/dev/preview/bundled/index.js:16776
[ 2108762ms] [LOG] Cocos Creator v3.8.8 @ http://localhost:7456/scripting/engine/bin/.cache/dev/preview/bundled/index.js:168791
[ 2110312ms] [LOG] Using custom pipeline: Builtin @ http://localhost:7456/scripting/engine/bin/.cache/dev/preview/bundled/index.js:168791
[ 2110346ms] [TIMEEND] Init Project: 1583.928955078125 ms @ http://localhost:7456/scripting/engine/bin/.cache/dev/preview/bundled/index.js:16822
[ 2121053ms] [INFO] Slow network is detected. See https://www.chromestatus.com/feature/5636954674692096 for more details. Fallback font will be used while loading: http://localhost:7456/assets/resources/native/d6/d68cdd6b-c4a1-4083-ad42-40e09fbea946/display.ttf @ http://localhost:7456/scripting/engine/bin/.cache/dev/preview/bundled/index.js:120841
[ 2405918ms] [TIMEEND] Init Base: 11.43115234375 ms @ http://localhost:7456/scripting/engine/bin/.cache/dev/preview/bundled/index.js:16680
[ 2406185ms] [TIMEEND] Init Infrastructure: 266.072021484375 ms @ http://localhost:7456/scripting/engine/bin/.cache/dev/preview/bundled/index.js:16729
[ 2406696ms] [LOG] meshopt wasm decoder initialized @ http://localhost:7456/scripting/engine/bin/.cache/dev/preview/bundled/index.js:168791
[ 2406805ms] [LOG] [bullet]:bullet wasm lib loaded. @ http://localhost:7456/scripting/engine/bin/.cache/dev/preview/bundled/index.js:168791
[ 2406917ms] [LOG] [PHYSICS2D]: register box2d. @ http://localhost:7456/scripting/engine/bin/.cache/dev/preview/bundled/index.js:168791
[ 2406918ms] [LOG] [PHYSICS]: register bullet. @ http://localhost:7456/scripting/engine/bin/.cache/dev/preview/bundled/index.js:168791
[ 2407583ms] [LOG] [PHYSICS]: using bullet. @ http://localhost:7456/scripting/engine/bin/.cache/dev/preview/bundled/index.js:168791
[ 2416468ms] [TIMEEND] Init SubSystem: 8926.659912109375 ms @ http://localhost:7456/scripting/engine/bin/.cache/dev/preview/bundled/index.js:16776
[ 2416468ms] [LOG] Cocos Creator v3.8.8 @ http://localhost:7456/scripting/engine/bin/.cache/dev/preview/bundled/index.js:168791
[ 2417894ms] [LOG] Using custom pipeline: Builtin @ http://localhost:7456/scripting/engine/bin/.cache/dev/preview/bundled/index.js:168791
[ 2417940ms] [TIMEEND] Init Project: 1471.875 ms @ http://localhost:7456/scripting/engine/bin/.cache/dev/preview/bundled/index.js:16822
[ 2433743ms] [INFO] Slow network is detected. See https://www.chromestatus.com/feature/5636954674692096 for more details. Fallback font will be used while loading: http://localhost:7456/assets/resources/native/d6/d68cdd6b-c4a1-4083-ad42-40e09fbea946/display.ttf @ http://localhost:7456/scripting/engine/bin/.cache/dev/preview/bundled/index.js:120841
[ 3294324ms] [TIMEEND] Init Base: 0.385009765625 ms @ http://localhost:7456/scripting/engine/bin/.cache/dev/preview/bundled/index.js:16680
[ 3294579ms] [TIMEEND] Init Infrastructure: 254.054931640625 ms @ http://localhost:7456/scripting/engine/bin/.cache/dev/preview/bundled/index.js:16729
[ 3294841ms] [LOG] meshopt wasm decoder initialized @ http://localhost:7456/scripting/engine/bin/.cache/dev/preview/bundled/index.js:168791
[ 3294894ms] [LOG] [bullet]:bullet wasm lib loaded. @ http://localhost:7456/scripting/engine/bin/.cache/dev/preview/bundled/index.js:168791
[ 3294939ms] [LOG] [PHYSICS2D]: register box2d. @ http://localhost:7456/scripting/engine/bin/.cache/dev/preview/bundled/index.js:168791
[ 3294940ms] [LOG] [PHYSICS]: register bullet. @ http://localhost:7456/scripting/engine/bin/.cache/dev/preview/bundled/index.js:168791
[ 3295064ms] [LOG] [PHYSICS]: using bullet. @ http://localhost:7456/scripting/engine/bin/.cache/dev/preview/bundled/index.js:168791
[ 3298664ms] [TIMEEND] Init SubSystem: 3647.322998046875 ms @ http://localhost:7456/scripting/engine/bin/.cache/dev/preview/bundled/index.js:16776
[ 3298665ms] [LOG] Cocos Creator v3.8.8 @ http://localhost:7456/scripting/engine/bin/.cache/dev/preview/bundled/index.js:168791
[ 3300131ms] [LOG] Using custom pipeline: Builtin @ http://localhost:7456/scripting/engine/bin/.cache/dev/preview/bundled/index.js:168791
[ 3300164ms] [TIMEEND] Init Project: 1498.8779296875 ms @ http://localhost:7456/scripting/engine/bin/.cache/dev/preview/bundled/index.js:16822
[ 3310142ms] [INFO] Slow network is detected. See https://www.chromestatus.com/feature/5636954674692096 for more details. Fallback font will be used while loading: http://localhost:7456/assets/resources/native/d6/d68cdd6b-c4a1-4083-ad42-40e09fbea946/display.ttf @ http://localhost:7456/scripting/engine/bin/.cache/dev/preview/bundled/index.js:120841
[ 4507189ms] [TIMEEND] Init Base: 1.093017578125 ms @ http://localhost:7456/scripting/engine/bin/.cache/dev/preview/bundled/index.js:16680
[ 4507596ms] [TIMEEND] Init Infrastructure: 406.9560546875 ms @ http://localhost:7456/scripting/engine/bin/.cache/dev/preview/bundled/index.js:16729
[ 4507677ms] [LOG] meshopt wasm decoder initialized @ http://localhost:7456/scripting/engine/bin/.cache/dev/preview/bundled/index.js:168791
[ 4509031ms] [LOG] [bullet]:bullet wasm lib loaded. @ http://localhost:7456/scripting/engine/bin/.cache/dev/preview/bundled/index.js:168791
[ 4509032ms] [LOG] [PHYSICS2D]: register box2d. @ http://localhost:7456/scripting/engine/bin/.cache/dev/preview/bundled/index.js:168791
[ 4509032ms] [LOG] [PHYSICS]: register bullet. @ http://localhost:7456/scripting/engine/bin/.cache/dev/preview/bundled/index.js:168791
[ 4510224ms] [LOG] [PHYSICS]: using bullet. @ http://localhost:7456/scripting/engine/bin/.cache/dev/preview/bundled/index.js:168791
[ 4519657ms] [TIMEEND] Init SubSystem: 9810.302978515625 ms @ http://localhost:7456/scripting/engine/bin/.cache/dev/preview/bundled/index.js:16776
[ 4519658ms] [LOG] Cocos Creator v3.8.8 @ http://localhost:7456/scripting/engine/bin/.cache/dev/preview/bundled/index.js:168791
[ 4520993ms] [LOG] Using custom pipeline: Builtin @ http://localhost:7456/scripting/engine/bin/.cache/dev/preview/bundled/index.js:168791
[ 4521136ms] [TIMEEND] Init Project: 1476.744873046875 ms @ http://localhost:7456/scripting/engine/bin/.cache/dev/preview/bundled/index.js:16822
[ 4530724ms] [INFO] Slow network is detected. See https://www.chromestatus.com/feature/5636954674692096 for more details. Fallback font will be used while loading: http://localhost:7456/assets/resources/native/d6/d68cdd6b-c4a1-4083-ad42-40e09fbea946/display.ttf @ http://localhost:7456/scripting/engine/bin/.cache/dev/preview/bundled/index.js:120841
